Archive member included because of file (symbol)

c:/program files (x86)/atmel/atmel studio 6.0/extensions/atmel/avrgcc/3.4.0.65/avrtoolchain/bin/../lib/gcc/avr/4.6.2/avr4\libgcc.a(_udivmodqi4.o)
                              Clock.o (__udivmodqi4)
c:/program files (x86)/atmel/atmel studio 6.0/extensions/atmel/avrgcc/3.4.0.65/avrtoolchain/bin/../lib/gcc/avr/4.6.2/avr4\libgcc.a(_udivmodsi4.o)
                              lcd.o (__udivmodsi4)
c:/program files (x86)/atmel/atmel studio 6.0/extensions/atmel/avrgcc/3.4.0.65/avrtoolchain/bin/../lib/gcc/avr/4.6.2/avr4\libgcc.a(_exit.o)
                              c:/program files (x86)/atmel/atmel studio 6.0/extensions/atmel/avrgcc/3.4.0.65/avrtoolchain/bin/../lib/gcc/avr/4.6.2/../../../../avr/lib/avr4/crtm8.o (exit)
c:/program files (x86)/atmel/atmel studio 6.0/extensions/atmel/avrgcc/3.4.0.65/avrtoolchain/bin/../lib/gcc/avr/4.6.2/avr4\libgcc.a(_copy_data.o)
                              Clock.o (__do_copy_data)
c:/program files (x86)/atmel/atmel studio 6.0/extensions/atmel/avrgcc/3.4.0.65/avrtoolchain/bin/../lib/gcc/avr/4.6.2/avr4\libgcc.a(_clear_bss.o)
                              Clock.o (__do_clear_bss)

Allocating common symbols
Common symbol       size              file

alarm_sec           0x1               Clock.o
alarm_hour          0x1               Clock.o
Display_Style       0x1               Clock.o
VAR_LcdTrackCursorPos_U8
                    0x1               lcd.o
VAR_LcdTrackLineNum_U8
                    0x1               lcd.o
STK_LCDConfig       0x3               lcd.o
alarm_min           0x1               Clock.o

Memory Configuration

Name             Origin             Length             Attributes
text             0x00000000         0x00002000         xr
data             0x00800060         0x0000ffa0         rw !x
eeprom           0x00810000         0x00010000         rw !x
fuse             0x00820000         0x00000400         rw !x
lock             0x00830000         0x00000400         rw !x
signature        0x00840000         0x00000400         rw !x
*default*        0x00000000         0xffffffff

Linker script and memory map

LOAD c:/program files (x86)/atmel/atmel studio 6.0/extensions/atmel/avrgcc/3.4.0.65/avrtoolchain/bin/../lib/gcc/avr/4.6.2/../../../../avr/lib/avr4/crtm8.o
LOAD Clock.o
LOAD delay.o
LOAD i2c.o
LOAD lcd.o
LOAD rtc.o
START GROUP
LOAD c:/program files (x86)/atmel/atmel studio 6.0/extensions/atmel/avrgcc/3.4.0.65/avrtoolchain/bin/../lib/gcc/avr/4.6.2/../../../../avr/lib/avr4\libm.a
END GROUP
LOAD c:/program files (x86)/atmel/atmel studio 6.0/extensions/atmel/avrgcc/3.4.0.65/avrtoolchain/bin/../lib/gcc/avr/4.6.2/avr4\libgcc.a
LOAD c:/program files (x86)/atmel/atmel studio 6.0/extensions/atmel/avrgcc/3.4.0.65/avrtoolchain/bin/../lib/gcc/avr/4.6.2/../../../../avr/lib/avr4\libc.a
LOAD c:/program files (x86)/atmel/atmel studio 6.0/extensions/atmel/avrgcc/3.4.0.65/avrtoolchain/bin/../lib/gcc/avr/4.6.2/avr4\libgcc.a

.hash
 *(.hash)

.dynsym
 *(.dynsym)

.dynstr
 *(.dynstr)

.gnu.version
 *(.gnu.version)

.gnu.version_d
 *(.gnu.version_d)

.gnu.version_r
 *(.gnu.version_r)

.rel.init
 *(.rel.init)

.rela.init
 *(.rela.init)

.rel.text
 *(.rel.text)
 *(.rel.text.*)
 *(.rel.gnu.linkonce.t*)

.rela.text
 *(.rela.text)
 *(.rela.text.*)
 *(.rela.gnu.linkonce.t*)

.rel.fini
 *(.rel.fini)

.rela.fini
 *(.rela.fini)

.rel.rodata
 *(.rel.rodata)
 *(.rel.rodata.*)
 *(.rel.gnu.linkonce.r*)

.rela.rodata
 *(.rela.rodata)
 *(.rela.rodata.*)
 *(.rela.gnu.linkonce.r*)

.rel.data
 *(.rel.data)
 *(.rel.data.*)
 *(.rel.gnu.linkonce.d*)

.rela.data
 *(.rela.data)
 *(.rela.data.*)
 *(.rela.gnu.linkonce.d*)

.rel.ctors
 *(.rel.ctors)

.rela.ctors
 *(.rela.ctors)

.rel.dtors
 *(.rel.dtors)

.rela.dtors
 *(.rela.dtors)

.rel.got
 *(.rel.got)

.rela.got
 *(.rela.got)

.rel.bss
 *(.rel.bss)

.rela.bss
 *(.rela.bss)

.rel.plt
 *(.rel.plt)

.rela.plt
 *(.rela.plt)

.text           0x00000000     0x1a06
 *(.vectors)
 .vectors       0x00000000       0x26 c:/program files (x86)/atmel/atmel studio 6.0/extensions/atmel/avrgcc/3.4.0.65/avrtoolchain/bin/../lib/gcc/avr/4.6.2/../../../../avr/lib/avr4/crtm8.o
                0x00000000                __vector_default
                0x00000000                __vectors
 *(.vectors)
 *(.progmem.gcc*)
 .progmem.gcc_sw_table
                0x00000026       0x14 Clock.o
 .progmem.gcc_sw_table
                0x0000003a       0xa8 lcd.o
 *(.progmem*)
                0x000000e2                . = ALIGN (0x2)
                0x000000e2                __trampolines_start = .
 *(.trampolines)
 .trampolines   0x000000e2        0x0 linker stubs
 *(.trampolines*)
                0x000000e2                __trampolines_end = .
 *(.jumptables)
 *(.jumptables*)
 *(.lowtext)
 *(.lowtext*)
                0x000000e2                __ctors_start = .
 *(.ctors)
                0x000000e2                __ctors_end = .
                0x000000e2                __dtors_start = .
 *(.dtors)
                0x000000e2                __dtors_end = .
 SORT(*)(.ctors)
 SORT(*)(.dtors)
 *(.init0)
 .init0         0x000000e2        0x0 c:/program files (x86)/atmel/atmel studio 6.0/extensions/atmel/avrgcc/3.4.0.65/avrtoolchain/bin/../lib/gcc/avr/4.6.2/../../../../avr/lib/avr4/crtm8.o
                0x000000e2                __init
 *(.init0)
 *(.init1)
 *(.init1)
 *(.init2)
 .init2         0x000000e2        0xc c:/program files (x86)/atmel/atmel studio 6.0/extensions/atmel/avrgcc/3.4.0.65/avrtoolchain/bin/../lib/gcc/avr/4.6.2/../../../../avr/lib/avr4/crtm8.o
 *(.init2)
 *(.init3)
 *(.init3)
 *(.init4)
 .init4         0x000000ee       0x16 c:/program files (x86)/atmel/atmel studio 6.0/extensions/atmel/avrgcc/3.4.0.65/avrtoolchain/bin/../lib/gcc/avr/4.6.2/avr4\libgcc.a(_copy_data.o)
                0x000000ee                __do_copy_data
 .init4         0x00000104       0x10 c:/program files (x86)/atmel/atmel studio 6.0/extensions/atmel/avrgcc/3.4.0.65/avrtoolchain/bin/../lib/gcc/avr/4.6.2/avr4\libgcc.a(_clear_bss.o)
                0x00000104                __do_clear_bss
 *(.init4)
 *(.init5)
 *(.init5)
 *(.init6)
 *(.init6)
 *(.init7)
 *(.init7)
 *(.init8)
 *(.init8)
 *(.init9)
 .init9         0x00000114        0x4 c:/program files (x86)/atmel/atmel studio 6.0/extensions/atmel/avrgcc/3.4.0.65/avrtoolchain/bin/../lib/gcc/avr/4.6.2/../../../../avr/lib/avr4/crtm8.o
 *(.init9)
 *(.text)
 .text          0x00000118        0x2 c:/program files (x86)/atmel/atmel studio 6.0/extensions/atmel/avrgcc/3.4.0.65/avrtoolchain/bin/../lib/gcc/avr/4.6.2/../../../../avr/lib/avr4/crtm8.o
                0x00000118                __vector_1
                0x00000118                __vector_12
                0x00000118                __bad_interrupt
                0x00000118                __vector_6
                0x00000118                __vector_3
                0x00000118                __vector_11
                0x00000118                __vector_13
                0x00000118                __vector_17
                0x00000118                __vector_7
                0x00000118                __vector_5
                0x00000118                __vector_4
                0x00000118                __vector_9
                0x00000118                __vector_2
                0x00000118                __vector_15
                0x00000118                __vector_8
                0x00000118                __vector_14
                0x00000118                __vector_10
                0x00000118                __vector_16
                0x00000118                __vector_18
 .text          0x0000011a      0xfd8 Clock.o
                0x0000011a                LCD_CreateCC
                0x0000014c                LCD_DisplayBigNum
                0x00000344                LCD_DisplayMenu
                0x00000470                checkAlarm
                0x000004fa                setDisplayStyle
                0x000005fa                setTimeFormat
                0x000006fa                dec2bcd
                0x00000706                bcd2dec
                0x0000071c                setAlarm
                0x0000097c                setDate
                0x00000bd8                setTime
                0x00000e34                LCD_DisplayDate
                0x00000eac                LCD_DisplayTime
                0x00000fd4                main
 .text          0x000010f2       0x1c delay.o
                0x000010f2                DELAY_sec
 .text          0x0000110e       0x4a i2c.o
                0x0000110e                I2C_Init
                0x0000111a                I2C_Start
                0x00001126                I2C_Stop
                0x00001134                I2C_Write
                0x00001142                I2C_Read
 .text          0x00001158      0x74e lcd.o
                0x000011ea                LCD_CmdWrite
                0x00001216                LCD_SetCursor
                0x0000123e                LCD_GoToNextLine
                0x0000126c                LCD_GoToLine
                0x0000128a                LCD_Clear
                0x00001294                LCD_Init
                0x00001338                lcd_DataWrite
                0x00001364                LCD_DisplayChar
                0x00001396                LCD_DisplayBinaryNumber
                0x0000140a                LCD_DisplayHexNumber
                0x000014b0                LCD_DisplayDecimalNumber
                0x0000158c                LCD_ScrollMessage
                0x00001648                LCD_DisplayString
                0x00001664                LCD_Printf
 .text          0x000018a6      0x100 rtc.o
                0x000018a6                RTC_Init
                0x000018ba                RTC_SetTime
                0x000018e6                RTC_SetDate
                0x00001912                RTC_GetTime
                0x0000195c                RTC_GetDate
 .text          0x000019a6        0x0 c:/program files (x86)/atmel/atmel studio 6.0/extensions/atmel/avrgcc/3.4.0.65/avrtoolchain/bin/../lib/gcc/avr/4.6.2/avr4\libgcc.a(_udivmodqi4.o)
 .text          0x000019a6        0x0 c:/program files (x86)/atmel/atmel studio 6.0/extensions/atmel/avrgcc/3.4.0.65/avrtoolchain/bin/../lib/gcc/avr/4.6.2/avr4\libgcc.a(_udivmodsi4.o)
 .text          0x000019a6        0x0 c:/program files (x86)/atmel/atmel studio 6.0/extensions/atmel/avrgcc/3.4.0.65/avrtoolchain/bin/../lib/gcc/avr/4.6.2/avr4\libgcc.a(_exit.o)
 .text          0x000019a6        0x0 c:/program files (x86)/atmel/atmel studio 6.0/extensions/atmel/avrgcc/3.4.0.65/avrtoolchain/bin/../lib/gcc/avr/4.6.2/avr4\libgcc.a(_copy_data.o)
 .text          0x000019a6        0x0 c:/program files (x86)/atmel/atmel studio 6.0/extensions/atmel/avrgcc/3.4.0.65/avrtoolchain/bin/../lib/gcc/avr/4.6.2/avr4\libgcc.a(_clear_bss.o)
                0x000019a6                . = ALIGN (0x2)
 *(.text.*)
 .text.libgcc   0x000019a6       0x18 c:/program files (x86)/atmel/atmel studio 6.0/extensions/atmel/avrgcc/3.4.0.65/avrtoolchain/bin/../lib/gcc/avr/4.6.2/avr4\libgcc.a(_udivmodqi4.o)
                0x000019a6                __udivmodqi4
 .text.libgcc   0x000019be       0x44 c:/program files (x86)/atmel/atmel studio 6.0/extensions/atmel/avrgcc/3.4.0.65/avrtoolchain/bin/../lib/gcc/avr/4.6.2/avr4\libgcc.a(_udivmodsi4.o)
                0x000019be                __udivmodsi4
 .text.libgcc   0x00001a02        0x0 c:/program files (x86)/atmel/atmel studio 6.0/extensions/atmel/avrgcc/3.4.0.65/avrtoolchain/bin/../lib/gcc/avr/4.6.2/avr4\libgcc.a(_exit.o)
 .text.libgcc   0x00001a02        0x0 c:/program files (x86)/atmel/atmel studio 6.0/extensions/atmel/avrgcc/3.4.0.65/avrtoolchain/bin/../lib/gcc/avr/4.6.2/avr4\libgcc.a(_copy_data.o)
 .text.libgcc   0x00001a02        0x0 c:/program files (x86)/atmel/atmel studio 6.0/extensions/atmel/avrgcc/3.4.0.65/avrtoolchain/bin/../lib/gcc/avr/4.6.2/avr4\libgcc.a(_clear_bss.o)
                0x00001a02                . = ALIGN (0x2)
 *(.fini9)
 .fini9         0x00001a02        0x0 c:/program files (x86)/atmel/atmel studio 6.0/extensions/atmel/avrgcc/3.4.0.65/avrtoolchain/bin/../lib/gcc/avr/4.6.2/avr4\libgcc.a(_exit.o)
                0x00001a02                _exit
                0x00001a02                exit
 *(.fini9)
 *(.fini8)
 *(.fini8)
 *(.fini7)
 *(.fini7)
 *(.fini6)
 *(.fini6)
 *(.fini5)
 *(.fini5)
 *(.fini4)
 *(.fini4)
 *(.fini3)
 *(.fini3)
 *(.fini2)
 *(.fini2)
 *(.fini1)
 *(.fini1)
 *(.fini0)
 .fini0         0x00001a02        0x4 c:/program files (x86)/atmel/atmel studio 6.0/extensions/atmel/avrgcc/3.4.0.65/avrtoolchain/bin/../lib/gcc/avr/4.6.2/avr4\libgcc.a(_exit.o)
 *(.fini0)
                0x00001a06                _etext = .

.data           0x00800060      0x1f6 load address 0x00001a06
                0x00800060                PROVIDE (__data_start, .)
 *(.data)
 .data          0x00800060        0x0 c:/program files (x86)/atmel/atmel studio 6.0/extensions/atmel/avrgcc/3.4.0.65/avrtoolchain/bin/../lib/gcc/avr/4.6.2/../../../../avr/lib/avr4/crtm8.o
 .data          0x00800060      0x1f1 Clock.o
                0x008001c0                Time_Format
                0x008001c1                settings
                0x00800211                LMB
                0x00800219                UMB
                0x00800221                LR
                0x00800229                LB
                0x00800231                LL
                0x00800239                RT
                0x00800241                UB
                0x00800249                LT
 .data          0x00800251        0x0 delay.o
 .data          0x00800251        0x0 i2c.o
 .data          0x00800251        0x5 lcd.o
                0x00800251                ARR_LcdLineNumAddress_U8
 .data          0x00800256        0x0 rtc.o
 .data          0x00800256        0x0 c:/program files (x86)/atmel/atmel studio 6.0/extensions/atmel/avrgcc/3.4.0.65/avrtoolchain/bin/../lib/gcc/avr/4.6.2/avr4\libgcc.a(_udivmodqi4.o)
 .data          0x00800256        0x0 c:/program files (x86)/atmel/atmel studio 6.0/extensions/atmel/avrgcc/3.4.0.65/avrtoolchain/bin/../lib/gcc/avr/4.6.2/avr4\libgcc.a(_udivmodsi4.o)
 .data          0x00800256        0x0 c:/program files (x86)/atmel/atmel studio 6.0/extensions/atmel/avrgcc/3.4.0.65/avrtoolchain/bin/../lib/gcc/avr/4.6.2/avr4\libgcc.a(_exit.o)
 .data          0x00800256        0x0 c:/program files (x86)/atmel/atmel studio 6.0/extensions/atmel/avrgcc/3.4.0.65/avrtoolchain/bin/../lib/gcc/avr/4.6.2/avr4\libgcc.a(_copy_data.o)
 .data          0x00800256        0x0 c:/program files (x86)/atmel/atmel studio 6.0/extensions/atmel/avrgcc/3.4.0.65/avrtoolchain/bin/../lib/gcc/avr/4.6.2/avr4\libgcc.a(_clear_bss.o)
 *(.data*)
 *(.rodata)
 *(.rodata*)
 *(.gnu.linkonce.d*)
                0x00800256                . = ALIGN (0x2)
                0x00800256                _edata = .
                0x00800256                PROVIDE (__data_end, .)

.bss            0x00800256        0x9
                0x00800256                PROVIDE (__bss_start, .)
 *(.bss)
 .bss           0x00800256        0x0 c:/program files (x86)/atmel/atmel studio 6.0/extensions/atmel/avrgcc/3.4.0.65/avrtoolchain/bin/../lib/gcc/avr/4.6.2/../../../../avr/lib/avr4/crtm8.o
 .bss           0x00800256        0x0 Clock.o
 .bss           0x00800256        0x0 delay.o
 .bss           0x00800256        0x0 i2c.o
 .bss           0x00800256        0x0 lcd.o
 .bss           0x00800256        0x0 rtc.o
 .bss           0x00800256        0x0 c:/program files (x86)/atmel/atmel studio 6.0/extensions/atmel/avrgcc/3.4.0.65/avrtoolchain/bin/../lib/gcc/avr/4.6.2/avr4\libgcc.a(_udivmodqi4.o)
 .bss           0x00800256        0x0 c:/program files (x86)/atmel/atmel studio 6.0/extensions/atmel/avrgcc/3.4.0.65/avrtoolchain/bin/../lib/gcc/avr/4.6.2/avr4\libgcc.a(_udivmodsi4.o)
 .bss           0x00800256        0x0 c:/program files (x86)/atmel/atmel studio 6.0/extensions/atmel/avrgcc/3.4.0.65/avrtoolchain/bin/../lib/gcc/avr/4.6.2/avr4\libgcc.a(_exit.o)
 .bss           0x00800256        0x0 c:/program files (x86)/atmel/atmel studio 6.0/extensions/atmel/avrgcc/3.4.0.65/avrtoolchain/bin/../lib/gcc/avr/4.6.2/avr4\libgcc.a(_copy_data.o)
 .bss           0x00800256        0x0 c:/program files (x86)/atmel/atmel studio 6.0/extensions/atmel/avrgcc/3.4.0.65/avrtoolchain/bin/../lib/gcc/avr/4.6.2/avr4\libgcc.a(_clear_bss.o)
 *(.bss*)
 *(COMMON)
 COMMON         0x00800256        0x4 Clock.o
                0x00800256                alarm_sec
                0x00800257                alarm_hour
                0x00800258                Display_Style
                0x00800259                alarm_min
 COMMON         0x0080025a        0x5 lcd.o
                0x0080025a                VAR_LcdTrackCursorPos_U8
                0x0080025b                VAR_LcdTrackLineNum_U8
                0x0080025c                STK_LCDConfig
                0x0080025f                PROVIDE (__bss_end, .)
                0x00001a06                __data_load_start = LOADADDR (.data)
                0x00001bfc                __data_load_end = (__data_load_start + SIZEOF (.data))

.noinit         0x0080025f        0x0
                0x0080025f                PROVIDE (__noinit_start, .)
 *(.noinit*)
                0x0080025f                PROVIDE (__noinit_end, .)
                0x0080025f                _end = .
                0x0080025f                PROVIDE (__heap_start, .)

.eeprom         0x00810000        0x0
 *(.eeprom*)
                0x00810000                __eeprom_end = .

.fuse
 *(.fuse)
 *(.lfuse)
 *(.hfuse)
 *(.efuse)

.lock
 *(.lock*)

.signature
 *(.signature*)

.stab           0x00000000      0x6cc
 *(.stab)
 .stab          0x00000000      0x6cc c:/program files (x86)/atmel/atmel studio 6.0/extensions/atmel/avrgcc/3.4.0.65/avrtoolchain/bin/../lib/gcc/avr/4.6.2/../../../../avr/lib/avr4/crtm8.o

.stabstr        0x00000000       0x85
 *(.stabstr)
 .stabstr       0x00000000       0x85 c:/program files (x86)/atmel/atmel studio 6.0/extensions/atmel/avrgcc/3.4.0.65/avrtoolchain/bin/../lib/gcc/avr/4.6.2/../../../../avr/lib/avr4/crtm8.o

.stab.excl
 *(.stab.excl)

.stab.exclstr
 *(.stab.exclstr)

.stab.index
 *(.stab.index)

.stab.indexstr
 *(.stab.indexstr)

.comment
 *(.comment)

.debug
 *(.debug)

.line
 *(.line)

.debug_srcinfo
 *(.debug_srcinfo)

.debug_sfnames
 *(.debug_sfnames)

.debug_aranges  0x00000000      0x140
 *(.debug_aranges)
 .debug_aranges
                0x00000000       0x20 Clock.o
 .debug_aranges
                0x00000020       0x20 delay.o
 .debug_aranges
                0x00000040       0x20 i2c.o
 .debug_aranges
                0x00000060       0x20 lcd.o
 .debug_aranges
                0x00000080       0x20 rtc.o
 .debug_aranges
                0x000000a0       0x20 c:/program files (x86)/atmel/atmel studio 6.0/extensions/atmel/avrgcc/3.4.0.65/avrtoolchain/bin/../lib/gcc/avr/4.6.2/avr4\libgcc.a(_udivmodqi4.o)
 .debug_aranges
                0x000000c0       0x20 c:/program files (x86)/atmel/atmel studio 6.0/extensions/atmel/avrgcc/3.4.0.65/avrtoolchain/bin/../lib/gcc/avr/4.6.2/avr4\libgcc.a(_udivmodsi4.o)
 .debug_aranges
                0x000000e0       0x20 c:/program files (x86)/atmel/atmel studio 6.0/extensions/atmel/avrgcc/3.4.0.65/avrtoolchain/bin/../lib/gcc/avr/4.6.2/avr4\libgcc.a(_exit.o)
 .debug_aranges
                0x00000100       0x20 c:/program files (x86)/atmel/atmel studio 6.0/extensions/atmel/avrgcc/3.4.0.65/avrtoolchain/bin/../lib/gcc/avr/4.6.2/avr4\libgcc.a(_copy_data.o)
 .debug_aranges
                0x00000120       0x20 c:/program files (x86)/atmel/atmel studio 6.0/extensions/atmel/avrgcc/3.4.0.65/avrtoolchain/bin/../lib/gcc/avr/4.6.2/avr4\libgcc.a(_clear_bss.o)

.debug_pubnames
 *(.debug_pubnames)

.debug_info     0x00000000     0x23bf
 *(.debug_info)
 .debug_info    0x00000000     0x11b1 Clock.o
 .debug_info    0x000011b1      0x127 delay.o
 .debug_info    0x000012d8      0x192 i2c.o
 .debug_info    0x0000146a      0x974 lcd.o
 .debug_info    0x00001dde      0x190 rtc.o
 .debug_info    0x00001f6e       0xdd c:/program files (x86)/atmel/atmel studio 6.0/extensions/atmel/avrgcc/3.4.0.65/avrtoolchain/bin/../lib/gcc/avr/4.6.2/avr4\libgcc.a(_udivmodqi4.o)
 .debug_info    0x0000204b       0xdd c:/program files (x86)/atmel/atmel studio 6.0/extensions/atmel/avrgcc/3.4.0.65/avrtoolchain/bin/../lib/gcc/avr/4.6.2/avr4\libgcc.a(_udivmodsi4.o)
 .debug_info    0x00002128       0xdd c:/program files (x86)/atmel/atmel studio 6.0/extensions/atmel/avrgcc/3.4.0.65/avrtoolchain/bin/../lib/gcc/avr/4.6.2/avr4\libgcc.a(_exit.o)
 .debug_info    0x00002205       0xdd c:/program files (x86)/atmel/atmel studio 6.0/extensions/atmel/avrgcc/3.4.0.65/avrtoolchain/bin/../lib/gcc/avr/4.6.2/avr4\libgcc.a(_copy_data.o)
 .debug_info    0x000022e2       0xdd c:/program files (x86)/atmel/atmel studio 6.0/extensions/atmel/avrgcc/3.4.0.65/avrtoolchain/bin/../lib/gcc/avr/4.6.2/avr4\libgcc.a(_clear_bss.o)
 *(.gnu.linkonce.wi.*)

.debug_abbrev   0x00000000      0x7e6
 *(.debug_abbrev)
 .debug_abbrev  0x00000000      0x2ad Clock.o
 .debug_abbrev  0x000002ad       0xcf delay.o
 .debug_abbrev  0x0000037c      0x104 i2c.o
 .debug_abbrev  0x00000480      0x281 lcd.o
 .debug_abbrev  0x00000701       0x81 rtc.o
 .debug_abbrev  0x00000782       0x14 c:/program files (x86)/atmel/atmel studio 6.0/extensions/atmel/avrgcc/3.4.0.65/avrtoolchain/bin/../lib/gcc/avr/4.6.2/avr4\libgcc.a(_udivmodqi4.o)
 .debug_abbrev  0x00000796       0x14 c:/program files (x86)/atmel/atmel studio 6.0/extensions/atmel/avrgcc/3.4.0.65/avrtoolchain/bin/../lib/gcc/avr/4.6.2/avr4\libgcc.a(_udivmodsi4.o)
 .debug_abbrev  0x000007aa       0x14 c:/program files (x86)/atmel/atmel studio 6.0/extensions/atmel/avrgcc/3.4.0.65/avrtoolchain/bin/../lib/gcc/avr/4.6.2/avr4\libgcc.a(_exit.o)
 .debug_abbrev  0x000007be       0x14 c:/program files (x86)/atmel/atmel studio 6.0/extensions/atmel/avrgcc/3.4.0.65/avrtoolchain/bin/../lib/gcc/avr/4.6.2/avr4\libgcc.a(_copy_data.o)
 .debug_abbrev  0x000007d2       0x14 c:/program files (x86)/atmel/atmel studio 6.0/extensions/atmel/avrgcc/3.4.0.65/avrtoolchain/bin/../lib/gcc/avr/4.6.2/avr4\libgcc.a(_clear_bss.o)

.debug_line     0x00000000     0x107c
 *(.debug_line)
 .debug_line    0x00000000      0x575 Clock.o
 .debug_line    0x00000575      0x17d delay.o
 .debug_line    0x000006f2      0x1a1 i2c.o
 .debug_line    0x00000893      0x498 lcd.o
 .debug_line    0x00000d2b       0x70 rtc.o
 .debug_line    0x00000d9b       0x92 c:/program files (x86)/atmel/atmel studio 6.0/extensions/atmel/avrgcc/3.4.0.65/avrtoolchain/bin/../lib/gcc/avr/4.6.2/avr4\libgcc.a(_udivmodqi4.o)
 .debug_line    0x00000e2d       0xa8 c:/program files (x86)/atmel/atmel studio 6.0/extensions/atmel/avrgcc/3.4.0.65/avrtoolchain/bin/../lib/gcc/avr/4.6.2/avr4\libgcc.a(_udivmodsi4.o)
 .debug_line    0x00000ed5       0x88 c:/program files (x86)/atmel/atmel studio 6.0/extensions/atmel/avrgcc/3.4.0.65/avrtoolchain/bin/../lib/gcc/avr/4.6.2/avr4\libgcc.a(_exit.o)
 .debug_line    0x00000f5d       0x91 c:/program files (x86)/atmel/atmel studio 6.0/extensions/atmel/avrgcc/3.4.0.65/avrtoolchain/bin/../lib/gcc/avr/4.6.2/avr4\libgcc.a(_copy_data.o)
 .debug_line    0x00000fee       0x8e c:/program files (x86)/atmel/atmel studio 6.0/extensions/atmel/avrgcc/3.4.0.65/avrtoolchain/bin/../lib/gcc/avr/4.6.2/avr4\libgcc.a(_clear_bss.o)

.debug_frame    0x00000000      0x6c8
 *(.debug_frame)
 .debug_frame   0x00000000      0x324 Clock.o
 .debug_frame   0x00000324       0x24 delay.o
 .debug_frame   0x00000348       0x64 i2c.o
 .debug_frame   0x000003ac      0x258 lcd.o
 .debug_frame   0x00000604       0xc4 rtc.o

.debug_str      0x00000000      0x7d9
 *(.debug_str)
 .debug_str     0x00000000      0x247 Clock.o
                                0x297 (size before relaxing)
 .debug_str     0x00000247       0x66 delay.o
                                0x123 (size before relaxing)
 .debug_str     0x000002ad       0x71 i2c.o
                                0x14f (size before relaxing)
 .debug_str     0x0000031e      0x3eb lcd.o
                                0x513 (size before relaxing)
 .debug_str     0x00000709       0xd0 rtc.o
                                0x16a (size before relaxing)

.debug_loc      0x00000000     0x25f4
 *(.debug_loc)
 .debug_loc     0x00000000     0x1634 Clock.o
 .debug_loc     0x00001634       0x48 delay.o
 .debug_loc     0x0000167c       0x32 i2c.o
 .debug_loc     0x000016ae      0xc64 lcd.o
 .debug_loc     0x00002312      0x2e2 rtc.o

.debug_macinfo
 *(.debug_macinfo)
OUTPUT(Clock.elf elf32-avr)
LOAD linker stubs

.debug_ranges   0x00000000       0x18
 .debug_ranges  0x00000000       0x18 Clock.o
